
> heinze-media-app@0.0.1 build
> vite build

vite v7.3.1 building ssr environment for production...
transforming...
22:56:08 [vite-plugin-svelte] src/routes/[slug]/+page.svelte:3:19 This reference only captures the initial value of `data`. Did you mean to reference it inside a closure instead?
https://svelte.dev/e/state_referenced_locally
1: <script lang="ts">
2:     let { data } = $props();
3:     let { page } = data;
                          ^
4: </script>
5: 
22:56:08 [vite-plugin-svelte] src/routes/blog/[slug]/+page.svelte:4:19 This reference only captures the initial value of `data`. Did you mean to reference it inside a closure instead?
https://svelte.dev/e/state_referenced_locally
2:     let { data } = $props();
3:     // destructure post from data
4:     let { post } = data;
                          ^
5: </script>
6: 
22:56:08 [vite-plugin-svelte] src/routes/work/[slug]/+page.svelte:3:19 This reference only captures the initial value of `data`. Did you mean to reference it inside a closure instead?
https://svelte.dev/e/state_referenced_locally
1: <script lang="ts">
2:     let { data } = $props();
3:     let { post } = data;
                          ^
4: </script>
5: 
✓ 239 modules transformed.
rendering chunks...
vite v7.3.1 building client environment for production...
transforming...
22:56:10 [vite-plugin-svelte] src/routes/[slug]/+page.svelte:3:19 This reference only captures the initial value of `data`. Did you mean to reference it inside a closure instead?
https://svelte.dev/e/state_referenced_locally
1: <script lang="ts">
2:     let { data } = $props();
3:     let { page } = data;
                          ^
4: </script>
5: 
22:56:10 [vite-plugin-svelte] src/routes/blog/[slug]/+page.svelte:4:19 This reference only captures the initial value of `data`. Did you mean to reference it inside a closure instead?
https://svelte.dev/e/state_referenced_locally
2:     let { data } = $props();
3:     // destructure post from data
4:     let { post } = data;
                          ^
5: </script>
6: 
22:56:10 [vite-plugin-svelte] src/routes/work/[slug]/+page.svelte:3:19 This reference only captures the initial value of `data`. Did you mean to reference it inside a closure instead?
https://svelte.dev/e/state_referenced_locally
1: <script lang="ts">
2:     let { data } = $props();
3:     let { post } = data;
                          ^
4: </script>
5: 
✓ 168 modules transformed.
rendering chunks...
computing gzip size...
.svelte-kit/output/client/_app/version.json                                                         0.03 kB │ gzip:  0.05 kB
.svelte-kit/output/client/_app/immutable/assets/montserrat-vietnamese-400-normal.BeEscFYY.woff      7.27 kB
.svelte-kit/output/client/_app/immutable/assets/montserrat-vietnamese-700-normal.DnwGT2D9.woff      7.30 kB
.svelte-kit/output/client/_app/immutable/assets/montserrat-vietnamese-400-normal.D4oHqQTd.woff2     7.90 kB
.svelte-kit/output/client/_app/immutable/assets/montserrat-vietnamese-700-normal.C0x1De3p.woff2     7.90 kB
.svelte-kit/output/client/_app/immutable/assets/montserrat-cyrillic-400-normal.jEs4Tk-Z.woff       10.91 kB
.svelte-kit/output/client/_app/immutable/assets/montserrat-cyrillic-700-normal.BvLYcGP1.woff       10.93 kB
.svelte-kit/output/client/_app/immutable/assets/montserrat-cyrillic-400-normal.BPq32Q8K.woff2      10.98 kB
.svelte-kit/output/client/_app/immutable/assets/montserrat-cyrillic-700-normal.D-Pqjtdp.woff2      11.16 kB
.svelte-kit/output/client/_app/immutable/assets/montserrat-cyrillic-ext-400-normal.Xqov12YL.woff2  11.94 kB
.svelte-kit/output/client/_app/immutable/assets/montserrat-cyrillic-ext-700-normal.MyDreaeu.woff2  12.06 kB
.svelte-kit/output/client/_app/immutable/assets/montserrat-cyrillic-ext-700-normal.D-Mk2xRJ.woff   12.08 kB
.svelte-kit/output/client/_app/immutable/assets/montserrat-cyrillic-ext-400-normal.DRPPeomZ.woff   12.09 kB
.svelte-kit/output/client/.vite/manifest.json                                                      13.54 kB │ gzip:  1.49 kB
.svelte-kit/output/client/_app/immutable/assets/montserrat-latin-400-normal.BLhwKU8k.woff2         18.78 kB
.svelte-kit/output/client/_app/immutable/assets/montserrat-latin-700-normal.BdjcYUrC.woff2         18.82 kB
.svelte-kit/output/client/_app/immutable/assets/montserrat-latin-400-normal.xItZbAXg.woff          20.65 kB
.svelte-kit/output/client/_app/immutable/assets/montserrat-latin-700-normal.BWkrl476.woff          20.67 kB
.svelte-kit/output/client/_app/immutable/assets/montserrat-latin-ext-400-normal.B8bwfy6Y.woff2     32.27 kB
.svelte-kit/output/client/_app/immutable/assets/montserrat-latin-ext-700-normal.BOP2Nhf0.woff2     33.53 kB
.svelte-kit/output/client/_app/immutable/assets/montserrat-latin-ext-400-normal.BffdBkAA.woff      40.37 kB
.svelte-kit/output/client/_app/immutable/assets/montserrat-latin-ext-700-normal.DdDFr05Z.woff      41.34 kB
.svelte-kit/output/client/_app/immutable/assets/0.BUrCu9KF.css                                     26.28 kB │ gzip:  5.33 kB
.svelte-kit/output/client/_app/immutable/chunks/BfgFJRJA.js                                         0.04 kB │ gzip:  0.06 kB
.svelte-kit/output/client/_app/immutable/entry/start.Ckp14u07.js                                    0.08 kB │ gzip:  0.09 kB
.svelte-kit/output/client/_app/immutable/chunks/DGhpWt9b.js                                         0.37 kB │ gzip:  0.28 kB
.svelte-kit/output/client/_app/immutable/chunks/CQ6vODLR.js                                         0.38 kB │ gzip:  0.28 kB
.svelte-kit/output/client/_app/immutable/chunks/CTxQhG1Q.js                                         0.51 kB │ gzip:  0.33 kB
.svelte-kit/output/client/_app/immutable/nodes/1.CT4kEghc.js                                        0.59 kB │ gzip:  0.36 kB
.svelte-kit/output/client/_app/immutable/chunks/D8fXWyB9.js                                         0.62 kB │ gzip:  0.41 kB
.svelte-kit/output/client/_app/immutable/chunks/BWKkuMnd.js                                         0.63 kB │ gzip:  0.39 kB
.svelte-kit/output/client/_app/immutable/chunks/B6OwZXGq.js                                         0.69 kB │ gzip:  0.44 kB
.svelte-kit/output/client/_app/immutable/chunks/BS4yFT8B.js                                         0.91 kB │ gzip:  0.54 kB
.svelte-kit/output/client/_app/immutable/nodes/3.BUnKzGXg.js                                        0.97 kB │ gzip:  0.60 kB
.svelte-kit/output/client/_app/immutable/chunks/v0Nf6UEq.js                                         1.07 kB │ gzip:  0.62 kB
.svelte-kit/output/client/_app/immutable/nodes/7.t6b0tgQG.js                                        1.52 kB │ gzip:  0.82 kB
.svelte-kit/output/client/_app/immutable/chunks/DSSIYtpa.js                                         1.53 kB │ gzip:  0.68 kB
.svelte-kit/output/client/_app/immutable/nodes/5.1z6gFFQz.js                                        1.67 kB │ gzip:  0.89 kB
.svelte-kit/output/client/_app/immutable/nodes/6._Wh3ij6t.js                                        1.70 kB │ gzip:  0.94 kB
.svelte-kit/output/client/_app/immutable/nodes/4.B9jdKLrB.js                                        1.94 kB │ gzip:  1.01 kB
.svelte-kit/output/client/_app/immutable/nodes/2.DYpXiBKM.js                                        2.43 kB │ gzip:  1.07 kB
.svelte-kit/output/client/_app/immutable/chunks/D_KED_U2.js                                         3.82 kB │ gzip:  1.82 kB
.svelte-kit/output/client/_app/immutable/nodes/0.BKp8RyC5.js                                        4.38 kB │ gzip:  2.07 kB
.svelte-kit/output/client/_app/immutable/chunks/PZXROAJP.js                                         5.65 kB │ gzip:  2.56 kB
.svelte-kit/output/client/_app/immutable/entry/app.CofhMPPW.js                                      7.47 kB │ gzip:  3.33 kB
.svelte-kit/output/client/_app/immutable/chunks/BpqRdJWQ.js                                        21.10 kB │ gzip:  8.50 kB
.svelte-kit/output/client/_app/immutable/chunks/EfTRHsVV.js                                        30.60 kB │ gzip: 12.05 kB
✓ built in 940ms

node:internal/event_target:1105
  process.nextTick(() => { throw err; });
                           ^
Error: 404 /consulting/ (linked from /consulting)
To suppress or handle this error, implement `handleHttpError` in https://svelte.dev/docs/kit/configuration#prerender
    at file:///home/pat/Dokumente/GitHub/Heinze%20Media%20App/node_modules/@sveltejs/kit/src/core/config/options.js:221:13
    at file:///home/pat/Dokumente/GitHub/Heinze%20Media%20App/node_modules/@sveltejs/kit/src/core/postbuild/prerender.js:75:25
    at save (file:///home/pat/Dokumente/GitHub/Heinze%20Media%20App/node_modules/@sveltejs/kit/src/core/postbuild/prerender.js:464:4)
    at visit (file:///home/pat/Dokumente/GitHub/Heinze%20Media%20App/node_modules/@sveltejs/kit/src/core/postbuild/prerender.js:283:3)
Emitted 'error' event on Worker instance at:
    at [kOnErrorMessage] (node:internal/worker:333:10)
    at [kOnMessage] (node:internal/worker:344:37)
    at MessagePort.<anonymous> (node:internal/worker:233:57)
    at [nodejs.internal.kHybridDispatch] (node:internal/event_target:831:20)
    at MessagePort.<anonymous> (node:internal/per_context/messageport:23:28)

Node.js v20.20.0
